// Jest Snapshot v1, https://goo.gl/fbAQLP

exports[`<Signup /> singup compoment should match snapshot 1`] = `
<ContextProvider
  value={
    Object {
      "store": Object {
        "clearActions": [Function],
        "dispatch": [Function],
        "getActions": [Function],
        "getState": [Function],
        "replaceReducer": [Function],
        "subscribe": [Function],
      },
      "storeState": Object {},
    }
  }
>
   
  <Connect(SignUp) />
   
</ContextProvider>
`;
