// Jest Snapshot v1, https://goo.gl/fbAQLP

exports[`Social Login Component Should render properly 1`] = `
<div
  className="social-auth"
>
  <button
    className="kep-login-facebook "
    onClick={[Function]}
    type="button"
  >
    Facebook
  </button>
  <e
    accessType="online"
    buttonText="Google"
    clientId="31802512181-sh97b417crdhtjtuvabt05chc1e5tn9s.apps.googleusercontent.com"
    cookiePolicy="single_host_origin"
    disabledStyle={
      Object {
        "opacity": 0.6,
      }
    }
    fetchBasicProfile={true}
    icon={true}
    isSignedIn={false}
    jsSrc="https://apis.google.com/js/api.js"
    onFailure={[Function]}
    onRequest={[Function]}
    onSuccess={[Function]}
    prompt=""
    scope="profile email"
    tag="button"
    theme="light"
    type="button"
    uxMode="popup"
  />
  <button
    id="twitter"
    onClick={[Function]}
    type="button"
  >
    Twitter
  </button>
</div>
`;
