// Jest Snapshot v1, https://goo.gl/fbAQLP

exports[`Bookmarks Component Should match snapshot 1`] = `
<ContextConsumer>
  <Component />
</ContextConsumer>
`;
