// Jest Snapshot v1, https://goo.gl/fbAQLP

exports[`Article Creation Component article creation component should match snapshot 1`] = `
Array [
  <Context.Consumer>
    [Function]
  </Context.Consumer>,
]
`;
