// Jest Snapshot v1, https://goo.gl/fbAQLP

exports[`ResetPassword form Should match snapshots 1`] = `
<div
  className="form_container"
>
  <h1>
    Reset Password
  </h1>
  <hr />
  <h5>
    <p />
  </h5>
  <Connect(ResetPasswordForm) />
</div>
`;
