// Jest Snapshot v1, https://goo.gl/fbAQLP

exports[`ResetPassword link component Should match snapshots 1`] = `
<ContextConsumer>
  <Component />
</ContextConsumer>
`;
